membuat akun CockroachDB, masuk ke halaman :
https://www.cockroachlabs.com/docs/stable/build-a-python-app-with-cockroachdb.html

klik "login", ikuti langkah-langkahnya sampai selesai
buatlah cluster sampai selesai

Cockroach akan terhubung dengan postgresql
menginstall postgresql :

blk@blk-HP-Pavilion-Gaming-Laptop-15-dk1xxx:~$ sudo apt install postgresql
Reading package lists... Done
Building dependency tree       
Reading state information... Done
The following additional packages will be installed:
  libllvm10 libpq5 postgresql-12 postgresql-client-12 postgresql-client-common postgresql-common
  sysstat
Suggested packages:
  postgresql-doc postgresql-doc-12 isag
The following NEW packages will be installed:
  libllvm10 libpq5 postgresql postgresql-12 postgresql-client-12 postgresql-client-common
  postgresql-common sysstat
0 upgraded, 8 newly installed, 0 to remove and 4 not upgraded.
Need to get 30,6 MB of archives.
After this operation, 121 MB of additional disk space will be used.
Do you want to continue? [Y/n] y
Get:1 http://id.archive.ubuntu.com/ubuntu focal/main amd64 libllvm10 amd64 1:10.0.0-4ubuntu1 [15,3 MB]
Get:2 http://id.archive.ubuntu.com/ubuntu focal-updates/main amd64 libpq5 amd64 12.10-0ubuntu0.20.04.1 [116 kB]
Get:3 http://id.archive.ubuntu.com/ubuntu focal-updates/main amd64 postgresql-client-common all 214ubuntu0.1 [28,2 kB]
Get:4 http://id.archive.ubuntu.com/ubuntu focal-updates/main amd64 postgresql-client-12 amd64 12.10-0ubuntu0.20.04.1 [1.050 kB]
Get:5 http://id.archive.ubuntu.com/ubuntu focal-updates/main amd64 postgresql-common all 214ubuntu0.1 [169 kB]
Get:6 http://id.archive.ubuntu.com/ubuntu focal-updates/main amd64 postgresql-12 amd64 12.10-0ubuntu0.20.04.1 [13,5 MB]
Get:7 http://id.archive.ubuntu.com/ubuntu focal-updates/main amd64 postgresql all 12+214ubuntu0.1 [3.924 B]
Get:8 http://id.archive.ubuntu.com/ubuntu focal-updates/main amd64 sysstat amd64 12.2.0-2ubuntu0.1 [448 kB]
Fetched 30,6 MB in 49s (630 kB/s)                                                                   
Preconfiguring packages ...
Selecting previously unselected package libllvm10:amd64.
(Reading database ... 200516 files and directories currently installed.)
Preparing to unpack .../0-libllvm10_1%3a10.0.0-4ubuntu1_amd64.deb ...
Unpacking libllvm10:amd64 (1:10.0.0-4ubuntu1) ...
Selecting previously unselected package libpq5:amd64.
Preparing to unpack .../1-libpq5_12.10-0ubuntu0.20.04.1_amd64.deb ...
Unpacking libpq5:amd64 (12.10-0ubuntu0.20.04.1) ...
Selecting previously unselected package postgresql-client-common.
Preparing to unpack .../2-postgresql-client-common_214ubuntu0.1_all.deb ...
Unpacking postgresql-client-common (214ubuntu0.1) ...
Selecting previously unselected package postgresql-client-12.
Preparing to unpack .../3-postgresql-client-12_12.10-0ubuntu0.20.04.1_amd64.deb ...
Unpacking postgresql-client-12 (12.10-0ubuntu0.20.04.1) ...
Selecting previously unselected package postgresql-common.
Preparing to unpack .../4-postgresql-common_214ubuntu0.1_all.deb ...
Adding 'diversion of /usr/bin/pg_config to /usr/bin/pg_config.libpq-dev by postgresql-common'
Unpacking postgresql-common (214ubuntu0.1) ...
Selecting previously unselected package postgresql-12.
Preparing to unpack .../5-postgresql-12_12.10-0ubuntu0.20.04.1_amd64.deb ...
Unpacking postgresql-12 (12.10-0ubuntu0.20.04.1) ...
Selecting previously unselected package postgresql.
Preparing to unpack .../6-postgresql_12+214ubuntu0.1_all.deb ...
Unpacking postgresql (12+214ubuntu0.1) ...
Selecting previously unselected package sysstat.
Preparing to unpack .../7-sysstat_12.2.0-2ubuntu0.1_amd64.deb ...
Unpacking sysstat (12.2.0-2ubuntu0.1) ...
Setting up postgresql-client-common (214ubuntu0.1) ...
Setting up libpq5:amd64 (12.10-0ubuntu0.20.04.1) ...
Setting up libllvm10:amd64 (1:10.0.0-4ubuntu1) ...
Setting up postgresql-client-12 (12.10-0ubuntu0.20.04.1) ...
update-alternatives: using /usr/share/postgresql/12/man/man1/psql.1.gz to provide /usr/share/man/man1
/psql.1.gz (psql.1.gz) in auto mode
Setting up postgresql-common (214ubuntu0.1) ...
Adding user postgres to group ssl-cert

Creating config file /etc/postgresql-common/createcluster.conf with new version
Building PostgreSQL dictionaries from installed myspell/hunspell packages...
  en_us
Removing obsolete dictionary files:
Created symlink /etc/systemd/system/multi-user.target.wants/postgresql.service → /lib/systemd/system/
postgresql.service.
Setting up postgresql-12 (12.10-0ubuntu0.20.04.1) ...
Creating new PostgreSQL cluster 12/main ...
/usr/lib/postgresql/12/bin/initdb -D /var/lib/postgresql/12/main --auth-local peer --auth-host md5
The files belonging to this database system will be owned by user "postgres".
This user must also own the server process.

The database cluster will be initialized with locales
  COLLATE:  en_US.UTF-8
  CTYPE:    en_US.UTF-8
  MESSAGES: en_US.UTF-8
  MONETARY: id_ID.UTF-8
  NUMERIC:  id_ID.UTF-8
  TIME:     id_ID.UTF-8
The default database encoding has accordingly been set to "UTF8".
The default text search configuration will be set to "english".

Data page checksums are disabled.

fixing permissions on existing directory /var/lib/postgresql/12/main ... ok
creating subdirectories ... ok
selecting dynamic shared memory implementation ... posix
selecting default max_connections ... 100
selecting default shared_buffers ... 128MB
selecting default time zone ... Asia/Jakarta
creating configuration files ... ok
running bootstrap script ... ok
performing post-bootstrap initialization ... ok
syncing data to disk ... ok

Success. You can now start the database server using:

    pg_ctlcluster 12 main start

Ver Cluster Port Status Owner    Data directory              Log file
12  main    5432 down   postgres /var/lib/postgresql/12/main /var/log/postgresql/postgresql-12-main.l
og
update-alternatives: using /usr/share/postgresql/12/man/man1/postmaster.1.gz to provide /usr/share/ma
n/man1/postmaster.1.gz (postmaster.1.gz) in auto mode
Setting up sysstat (12.2.0-2ubuntu0.1) ...

Creating config file /etc/default/sysstat with new version
update-alternatives: using /usr/bin/sar.sysstat to provide /usr/bin/sar (sar) in auto mode
Created symlink /etc/systemd/system/multi-user.target.wants/sysstat.service → /lib/systemd/system/sys
stat.service.
Setting up postgresql (12+214ubuntu0.1) ...
Processing triggers for systemd (245.4-4ubuntu3.17) ...
Processing triggers for man-db (2.9.1-1) ...
Processing triggers for libc-bin (2.31-0ubuntu9.9) ...
blk@blk-HP-Pavilion-Gaming-Laptop-15-dk1xxx:~$ sudo systemctl is-active prostgresql
inactive
blk@blk-HP-Pavilion-Gaming-Laptop-15-dk1xxx:~$ sudo sytemctl status prostgresql
sudo: sytemctl: command not found
blk@blk-HP-Pavilion-Gaming-Laptop-15-dk1xxx:~$ sudo sytemctl status postgresql
sudo: sytemctl: command not found
blk@blk-HP-Pavilion-Gaming-Laptop-15-dk1xxx:~$ sudo systemctl status postgre
Unit postgre.service could not be found.
blk@blk-HP-Pavilion-Gaming-Laptop-15-dk1xxx:~$ sudo systemctl status postgresql
● postgresql.service - PostgreSQL RDBMS
     Loaded: loaded (/lib/systemd/system/postgresql.service; enabled; vendor preset: enabled)
     Active: active (exited) since Tue 2022-05-17 10:25:23 WIB; 6min ago
   Main PID: 13518 (code=exited, status=0/SUCCESS)
      Tasks: 0 (limit: 9218)
     Memory: 0B
     CGroup: /system.slice/postgresql.service

Mei 17 10:25:23 blk-HP-Pavilion-Gaming-Laptop-15-dk1xxx systemd[1]: Starting PostgreSQL RDBMS...
Mei 17 10:25:23 blk-HP-Pavilion-Gaming-Laptop-15-dk1xxx systemd[1]: Finished PostgreSQL RDBMS.
blk@blk-HP-Pavilion-Gaming-Laptop-15-dk1xxx:~$ sudo pg_isready
/var/run/postgresql:5432 - accepting connections
blk@blk-HP-Pavilion-Gaming-Laptop-15-dk1xxx:~$ sudo -u postgres psql
psql (12.10 (Ubuntu 12.10-0ubuntu0.20.04.1))
Type "help" for help.

postgres=# \q
blk@blk-HP-Pavilion-Gaming-Laptop-15-dk1xxx:~$ 


Error dan penanganannya:

blk@blk-HP-Pavilion-Gaming-Laptop-15-dk1xxx:~$ sudo apt update
Hit:1 http://id.archive.ubuntu.com/ubuntu focal InRelease
Hit:2 http://id.archive.ubuntu.com/ubuntu focal-updates InRelease                                   
Hit:3 http://packages.microsoft.com/repos/code stable InRelease                                     
Hit:4 http://id.archive.ubuntu.com/ubuntu focal-backports InRelease                                 
Ign:5 https://repo.mongodb.org/apt/ubuntu focal/mongodb-org/5.0 InRelease                           
Ign:6 http://repo.mongodb.com/apt/ubuntu focal/mongodb-enterprise/5.0 InRelease                  
Hit:7 https://repo.mongodb.org/apt/ubuntu focal/mongodb-org/5.0 Release                          
Get:8 http://security.ubuntu.com/ubuntu focal-security InRelease [114 kB]
Hit:9 http://repo.mongodb.com/apt/ubuntu focal/mongodb-enterprise/5.0 Release
Fetched 114 kB in 2s (51,8 kB/s)                      
Reading package lists... Done
Building dependency tree       
Reading state information... Done
4 packages can be upgraded. Run 'apt list --upgradable' to see them.
blk@blk-HP-Pavilion-Gaming-Laptop-15-dk1xxx:~$ sudo sh -c 'echo "deb http://apt.postgresql.org/pub/repos/apt $(lsb_release -cs)-pgdg main" > /etc/apt/sources.list.d/pgdg.list'
blk@blk-HP-Pavilion-Gaming-Laptop-15-dk1xxx:~$ wget --quiet -O - https://www.postgresql.org/media/keys/ACCC4CF8.asc | sudo apt-key add -
OK
blk@blk-HP-Pavilion-Gaming-Laptop-15-dk1xxx:~$ sudo apt-get update
Hit:1 http://id.archive.ubuntu.com/ubuntu focal InRelease
Hit:2 http://packages.microsoft.com/repos/code stable InRelease                                     
Hit:3 http://id.archive.ubuntu.com/ubuntu focal-updates InRelease                                   
Hit:4 http://id.archive.ubuntu.com/ubuntu focal-backports InRelease                                 
Ign:5 http://repo.mongodb.com/apt/ubuntu focal/mongodb-enterprise/5.0 InRelease                     
Ign:6 https://repo.mongodb.org/apt/ubuntu focal/mongodb-org/5.0 InRelease                           
Hit:7 http://repo.mongodb.com/apt/ubuntu focal/mongodb-enterprise/5.0 Release                       
Hit:8 https://repo.mongodb.org/apt/ubuntu focal/mongodb-org/5.0 Release                             
Get:9 http://security.ubuntu.com/ubuntu focal-security InRelease [114 kB]
Get:11 http://apt.postgresql.org/pub/repos/apt focal-pgdg InRelease [86,6 kB]
Get:13 http://apt.postgresql.org/pub/repos/apt focal-pgdg/main amd64 Packages [230 kB]
Fetched 431 kB in 3s (135 kB/s)                                     
Reading package lists... Done
N: Skipping acquire of configured file 'main/binary-i386/Packages' as repository 'http://apt.postgresql.org/pub/repos/apt focal-pgdg InRelease' doesn't support architecture 'i386'
blk@blk-HP-Pavilion-Gaming-Laptop-15-dk1xxx:~$ sudo -H gedit /etc/apt/sources.list.d/pgdg.list

(gedit:10628): Tepl-WARNING **: 10:17:43.220: GVfs metadata is not supported. Fallback to TeplMetadataManager. Either GVfs is not correctly installed or GVfs metadata are not supported on this platform. In the latter case, you should configure Tepl with --disable-gvfs-metadata.
blk@blk-HP-Pavilion-Gaming-Laptop-15-dk1xxx:~$ sudo apt update
Hit:1 http://packages.microsoft.com/repos/code stable InRelease
Ign:2 https://repo.mongodb.org/apt/ubuntu focal/mongodb-org/5.0 InRelease                           
Ign:3 http://repo.mongodb.com/apt/ubuntu focal/mongodb-enterprise/5.0 InRelease                     
Get:4 http://security.ubuntu.com/ubuntu focal-security InRelease [114 kB]                           
Hit:5 http://id.archive.ubuntu.com/ubuntu focal InRelease                                           
Hit:6 http://id.archive.ubuntu.com/ubuntu focal-updates InRelease                                   
Hit:7 http://id.archive.ubuntu.com/ubuntu focal-backports InRelease            
Hit:8 https://repo.mongodb.org/apt/ubuntu focal/mongodb-org/5.0 Release        
Hit:9 http://repo.mongodb.com/apt/ubuntu focal/mongodb-enterprise/5.0 Release  
Fetched 114 kB in 2s (70,4 kB/s)                         
Reading package lists... Done
Building dependency tree       
Reading state information... Done
4 packages can be upgraded. Run 'apt list --upgradable' to see them.
blk@blk-HP-Pavilion-Gaming-Laptop-15-dk1xxx:~$ sudo apt upgrade
Reading package lists... Done
Building dependency tree       
Reading state information... Done
You might want to run 'apt --fix-broken install' to correct these.
The following packages have unmet dependencies:
 mongodb-compass : Depends: libgconf-2-4 but it is not installed or
                            libgconf2-4 but it is not installable
                   Depends: libgconf-2-4 but it is not installed
E: Unmet dependencies. Try 'apt --fix-broken install' with no packages (or specify a solution).
blk@blk-HP-Pavilion-Gaming-Laptop-15-dk1xxx:~$ apt install libgconf-2-4
E: Could not open lock file /var/lib/dpkg/lock-frontend - open (13: Permission denied)
E: Unable to acquire the dpkg frontend lock (/var/lib/dpkg/lock-frontend), are you root?
blk@blk-HP-Pavilion-Gaming-Laptop-15-dk1xxx:~$ sudo apt install libgconf-2-4
Reading package lists... Done
Building dependency tree       
Reading state information... Done
You might want to run 'apt --fix-broken install' to correct these.
The following packages have unmet dependencies:
 libgconf-2-4 : Depends: gconf2-common (= 3.2.6-6ubuntu1) but it is not going to be installed
                Recommends: gconf-service
E: Unmet dependencies. Try 'apt --fix-broken install' with no packages (or specify a solution).
blk@blk-HP-Pavilion-Gaming-Laptop-15-dk1xxx:~$ sudo apt --fix-broken install
Reading package lists... Done
Building dependency tree       
Reading state information... Done
Correcting dependencies... Done
The following additional packages will be installed:
  gconf-service gconf-service-backend gconf2-common libgconf-2-4
The following NEW packages will be installed:
  gconf-service gconf-service-backend gconf2-common libgconf-2-4
0 upgraded, 4 newly installed, 0 to remove and 4 not upgraded.
1 not fully installed or removed.
Need to get 859 kB of archives.
After this operation, 8.092 kB of additional disk space will be used.
Do you want to continue? [Y/n] y
Get:1 http://id.archive.ubuntu.com/ubuntu focal/universe amd64 gconf2-common all 3.2.6-6ubuntu1 [698 kB]
Get:2 http://id.archive.ubuntu.com/ubuntu focal/universe amd64 libgconf-2-4 amd64 3.2.6-6ubuntu1 [84,8 kB]
Get:3 http://id.archive.ubuntu.com/ubuntu focal/universe amd64 gconf-service-backend amd64 3.2.6-6ubuntu1 [58,6 kB]
Get:4 http://id.archive.ubuntu.com/ubuntu focal/universe amd64 gconf-service amd64 3.2.6-6ubuntu1 [17,4 kB]
Fetched 859 kB in 4s (197 kB/s)          
Selecting previously unselected package gconf2-common.
(Reading database ... 200367 files and directories currently installed.)
Preparing to unpack .../gconf2-common_3.2.6-6ubuntu1_all.deb ...
Unpacking gconf2-common (3.2.6-6ubuntu1) ...
Selecting previously unselected package libgconf-2-4:amd64.
Preparing to unpack .../libgconf-2-4_3.2.6-6ubuntu1_amd64.deb ...
Unpacking libgconf-2-4:amd64 (3.2.6-6ubuntu1) ...
Selecting previously unselected package gconf-service-backend.
Preparing to unpack .../gconf-service-backend_3.2.6-6ubuntu1_amd64.deb ...
Unpacking gconf-service-backend (3.2.6-6ubuntu1) ...
Selecting previously unselected package gconf-service.
Preparing to unpack .../gconf-service_3.2.6-6ubuntu1_amd64.deb ...
Unpacking gconf-service (3.2.6-6ubuntu1) ...
Setting up gconf2-common (3.2.6-6ubuntu1) ...

Creating config file /etc/gconf/2/path with new version
Setting up gconf-service (3.2.6-6ubuntu1) ...
Processing triggers for sgml-base (1.29.1) ...
Setting up libgconf-2-4:amd64 (3.2.6-6ubuntu1) ...
Processing triggers for libc-bin (2.31-0ubuntu9.9) ...
Setting up mongodb-compass (1.31.1) ...
Setting up gconf-service-backend (3.2.6-6ubuntu1) ...
blk@blk-HP-Pavilion-Gaming-Laptop-15-dk1xxx:~$ sudo apt update
Hit:1 http://id.archive.ubuntu.com/ubuntu focal InRelease
Hit:2 http://id.archive.ubuntu.com/ubuntu focal-updates InRelease                                   
Hit:3 http://packages.microsoft.com/repos/code stable InRelease                                     
Hit:4 http://id.archive.ubuntu.com/ubuntu focal-backports InRelease                                 
Ign:5 https://repo.mongodb.org/apt/ubuntu focal/mongodb-org/5.0 InRelease                           
Ign:6 http://repo.mongodb.com/apt/ubuntu focal/mongodb-enterprise/5.0 InRelease                    
Get:7 http://security.ubuntu.com/ubuntu focal-security InRelease [114 kB]                          
Hit:8 http://repo.mongodb.com/apt/ubuntu focal/mongodb-enterprise/5.0 Release
Hit:9 https://repo.mongodb.org/apt/ubuntu focal/mongodb-org/5.0 Release     
Fetched 114 kB in 2s (66,6 kB/s)                         
Reading package lists... Done
Building dependency tree       
Reading state information... Done
4 packages can be upgraded. Run 'apt list --upgradable' to see them.